// Jest Snapshot v1, https://goo.gl/fbAQLP

exports[`ShoppingCartService checkout() should return an object with the total and the list of items when summary() is called. 1`] = `
Object {
  "items": Array [
    Object {
      "product": Object {
        "price": 35388,
        "title": "Adidas running shows - men",
      },
      "quantity": 2,
    },
    Object {
      "product": Object {
        "price": 41872,
        "title": "Mizuno running shows - women",
      },
      "quantity": 3,
    },
  ],
  "total": 196392,
}
`;

exports[`ShoppingCartService checkout() should return an object with the total and the list of items. 1`] = `
Object {
  "items": Array [
    Object {
      "product": Object {
        "price": 35388,
        "title": "Adidas running shows - men",
      },
      "quantity": 2,
    },
    Object {
      "product": Object {
        "price": 41872,
        "title": "Mizuno running shows - women",
      },
      "quantity": 3,
    },
  ],
  "total": 196392,
}
`;
